// Jest Snapshot v1, https://jestjs.io/docs/snapshot-testing

exports[`curry - proxy should check arguments 1`] = `"Invalid base state: create() only supports plain objects, arrays, Set, Map or using mark() to mark the state as immutable."`;

exports[`curry - proxy should check arguments 2`] = `"patchListener is not a function"`;
