// Jest Snapshot v1, https://jestjs.io/docs/snapshot-testing

exports[`auto freeze - proxy will freeze maps 1`] = `"Cannot modify frozen object"`;

exports[`auto freeze - proxy will freeze maps 2`] = `"Cannot modify frozen object"`;

exports[`auto freeze - proxy will freeze maps 3`] = `"Cannot modify frozen object"`;

exports[`auto freeze - proxy will freeze sets 1`] = `"Cannot modify frozen object"`;

exports[`auto freeze - proxy will freeze sets 2`] = `"Cannot modify frozen object"`;

exports[`auto freeze - proxy will freeze sets 3`] = `"Cannot modify frozen object"`;
