// Jest Snapshot v1, https://jestjs.io/docs/snapshot-testing

exports[`manual - proxy cannot finishDraft twice 1`] = `"Cannot perform 'get' on a proxy that has been revoked"`;

exports[`manual - proxy cannot modify after finish 1`] = `"Cannot perform 'set' on a proxy that has been revoked"`;

exports[`manual - proxy should check arguments 1`] = `"Invalid base state: create() only supports plain objects, arrays, Set, Map or using mark() to mark the state as immutable."`;

exports[`manual - proxy should check arguments 2`] = `"Invalid base state: create() only supports plain objects, arrays, Set, Map or using mark() to mark the state as immutable."`;

exports[`manual - proxy should not finish drafts from produce 1`] = `"finishDraft is not defined"`;

exports[`manual - proxy should not finish twice 1`] = `"Cannot perform 'get' on a proxy that has been revoked"`;

exports[`manual - proxy should support patches drafts 1`] = `
[
  [
    [
      {
        "op": "replace",
        "path": [
          "a",
        ],
        "value": 2,
      },
      {
        "op": "add",
        "path": [
          "b",
        ],
        "value": 3,
      },
    ],
    [
      {
        "op": "replace",
        "path": [
          "a",
        ],
        "value": 1,
      },
      {
        "op": "remove",
        "path": [
          "b",
        ],
      },
    ],
  ],
]
`;
