// Jest Snapshot v1, https://jestjs.io/docs/snapshot-testing

exports[`applyPatches throws when \`op\` is not "add", "replace", nor "remove" 1`] = `"Unsupported patch operation: copy."`;

exports[`applyPatches throws when \`path\` cannot be resolved 1`] = `"Cannot apply patch at 'a/b'."`;

exports[`applyPatches throws when \`path\` cannot be resolved 2`] = `"Cannot apply patch at 'a/b/c'."`;
