// Jest Snapshot v1, https://jestjs.io/docs/snapshot-testing

exports[`Producers can update Maps 4`] = `"Cannot modify frozen object"`;
